[2023-10-25T13:56:28.548+0530][gc,init] CardTable entry size: 512
[2023-10-25T13:56:28.548+0530][gc     ] Using G1
[2023-10-25T13:56:28.568+0530][gc,init] Version: 18.0.2-ea+9-Ubuntu-222.04 (release)
[2023-10-25T13:56:28.568+0530][gc,init] CPUs: 8 total, 8 available
[2023-10-25T13:56:28.568+0530][gc,init] Memory: 7782M
[2023-10-25T13:56:28.568+0530][gc,init] Large Page Support: Disabled
[2023-10-25T13:56:28.568+0530][gc,init] NUMA Support: Disabled
[2023-10-25T13:56:28.568+0530][gc,init] Compressed Oops: Enabled (32-bit)
[2023-10-25T13:56:28.568+0530][gc,init] Heap Region Size: 1M
[2023-10-25T13:56:28.568+0530][gc,init] Heap Min Capacity: 1G
[2023-10-25T13:56:28.568+0530][gc,init] Heap Initial Capacity: 1G
[2023-10-25T13:56:28.568+0530][gc,init] Heap Max Capacity: 1G
[2023-10-25T13:56:28.568+0530][gc,init] Pre-touch: Disabled
[2023-10-25T13:56:28.568+0530][gc,init] Parallel Workers: 8
[2023-10-25T13:56:28.568+0530][gc,init] Concurrent Workers: 2
[2023-10-25T13:56:28.568+0530][gc,init] Concurrent Refinement Workers: 8
[2023-10-25T13:56:28.568+0530][gc,init] Periodic GC: Disabled
[2023-10-25T13:56:28.568+0530][gc,metaspace] CDS archive(s) mapped at: [0x0000000800000000-0x0000000800bb3000-0x0000000800bb3000), size 12267520, SharedBaseAddress: 0x0000000800000000, ArchiveRelocationMode: 0.
[2023-10-25T13:56:28.568+0530][gc,metaspace] Compressed class space mapped at: 0x0000000800c00000-0x0000000840c00000, reserved size: 1073741824
[2023-10-25T13:56:28.568+0530][gc,metaspace] Narrow klass base: 0x0000000800000000, Narrow klass shift: 0, Narrow klass range: 0x100000000
[2023-10-25T13:56:29.312+0530][gc,start    ] GC(0) Pause Young (Normal) (G1 Evacuation Pause)
[2023-10-25T13:56:29.313+0530][gc,task     ] GC(0) Using 8 workers of 8 for evacuation
[2023-10-25T13:56:29.318+0530][gc,phases   ] GC(0)   Pre Evacuate Collection Set: 0.1ms
[2023-10-25T13:56:29.318+0530][gc,phases   ] GC(0)   Merge Heap Roots: 0.1ms
[2023-10-25T13:56:29.318+0530][gc,phases   ] GC(0)   Evacuate Collection Set: 3.8ms
[2023-10-25T13:56:29.318+0530][gc,phases   ] GC(0)   Post Evacuate Collection Set: 0.5ms
[2023-10-25T13:56:29.318+0530][gc,phases   ] GC(0)   Other: 1.3ms
[2023-10-25T13:56:29.318+0530][gc,heap     ] GC(0) Eden regions: 51->0(44)
[2023-10-25T13:56:29.318+0530][gc,heap     ] GC(0) Survivor regions: 0->7(7)
[2023-10-25T13:56:29.318+0530][gc,heap     ] GC(0) Old regions: 0->1
[2023-10-25T13:56:29.318+0530][gc,heap     ] GC(0) Archive regions: 2->2
[2023-10-25T13:56:29.318+0530][gc,heap     ] GC(0) Humongous regions: 0->0
[2023-10-25T13:56:29.318+0530][gc,metaspace] GC(0) Metaspace: 18362K(18496K)->18362K(18496K) NonClass: 16253K(16320K)->16253K(16320K) Class: 2108K(2176K)->2108K(2176K)
[2023-10-25T13:56:29.318+0530][gc          ] GC(0) Pause Young (Normal) (G1 Evacuation Pause) 51M->8M(1024M) 5.983ms
[2023-10-25T13:56:29.318+0530][gc,cpu      ] GC(0) User=0.02s Sys=0.00s Real=0.01s
[2023-10-25T13:56:29.530+0530][gc,start    ] GC(1) Pause Young (Concurrent Start) (Metadata GC Threshold)
[2023-10-25T13:56:29.530+0530][gc,task     ] GC(1) Using 8 workers of 8 for evacuation
[2023-10-25T13:56:29.534+0530][gc,phases   ] GC(1)   Pre Evacuate Collection Set: 0.2ms
[2023-10-25T13:56:29.534+0530][gc,phases   ] GC(1)   Merge Heap Roots: 0.0ms
[2023-10-25T13:56:29.534+0530][gc,phases   ] GC(1)   Evacuate Collection Set: 3.4ms
[2023-10-25T13:56:29.534+0530][gc,phases   ] GC(1)   Post Evacuate Collection Set: 0.6ms
[2023-10-25T13:56:29.534+0530][gc,phases   ] GC(1)   Other: 0.1ms
[2023-10-25T13:56:29.534+0530][gc,heap     ] GC(1) Eden regions: 13->0(49)
[2023-10-25T13:56:29.534+0530][gc,heap     ] GC(1) Survivor regions: 7->2(7)
[2023-10-25T13:56:29.534+0530][gc,heap     ] GC(1) Old regions: 1->8
[2023-10-25T13:56:29.534+0530][gc,heap     ] GC(1) Archive regions: 2->2
[2023-10-25T13:56:29.534+0530][gc,heap     ] GC(1) Humongous regions: 129->129
[2023-10-25T13:56:29.534+0530][gc,metaspace] GC(1) Metaspace: 21272K(21504K)->21272K(21504K) NonClass: 18784K(18880K)->18784K(18880K) Class: 2487K(2624K)->2487K(2624K)
[2023-10-25T13:56:29.534+0530][gc          ] GC(1) Pause Young (Concurrent Start) (Metadata GC Threshold) 149M->139M(1024M) 4.469ms
[2023-10-25T13:56:29.534+0530][gc,cpu      ] GC(1) User=0.02s Sys=0.00s Real=0.00s
[2023-10-25T13:56:29.534+0530][gc          ] GC(2) Concurrent Mark Cycle
[2023-10-25T13:56:29.534+0530][gc,marking  ] GC(2) Concurrent Clear Claimed Marks
[2023-10-25T13:56:29.534+0530][gc,marking  ] GC(2) Concurrent Clear Claimed Marks 0.023ms
[2023-10-25T13:56:29.534+0530][gc,marking  ] GC(2) Concurrent Scan Root Regions
[2023-10-25T13:56:29.538+0530][gc,marking  ] GC(2) Concurrent Scan Root Regions 3.985ms
[2023-10-25T13:56:29.538+0530][gc,marking  ] GC(2) Concurrent Mark
[2023-10-25T13:56:29.538+0530][gc,marking  ] GC(2) Concurrent Mark From Roots
[2023-10-25T13:56:29.538+0530][gc,task     ] GC(2) Using 2 workers of 2 for marking
[2023-10-25T13:56:29.540+0530][gc,marking  ] GC(2) Concurrent Mark From Roots 1.755ms
[2023-10-25T13:56:29.540+0530][gc,marking  ] GC(2) Concurrent Preclean
[2023-10-25T13:56:29.540+0530][gc,marking  ] GC(2) Concurrent Preclean 0.010ms
[2023-10-25T13:56:29.540+0530][gc,start    ] GC(2) Pause Remark
[2023-10-25T13:56:29.541+0530][gc          ] GC(2) Pause Remark 139M->139M(1024M) 0.995ms
[2023-10-25T13:56:29.541+0530][gc,cpu      ] GC(2) User=0.01s Sys=0.00s Real=0.00s
[2023-10-25T13:56:29.541+0530][gc,marking  ] GC(2) Concurrent Mark 3.019ms
[2023-10-25T13:56:29.541+0530][gc,marking  ] GC(2) Concurrent Rebuild Remembered Sets
[2023-10-25T13:56:29.543+0530][gc,marking  ] GC(2) Concurrent Rebuild Remembered Sets 1.675ms
[2023-10-25T13:56:29.543+0530][gc,start    ] GC(2) Pause Cleanup
[2023-10-25T13:56:29.543+0530][gc          ] GC(2) Pause Cleanup 139M->139M(1024M) 0.101ms
[2023-10-25T13:56:29.543+0530][gc,cpu      ] GC(2) User=0.00s Sys=0.00s Real=0.00s
[2023-10-25T13:56:29.543+0530][gc,marking  ] GC(2) Concurrent Cleanup for Next Mark
[2023-10-25T13:56:29.547+0530][gc,marking  ] GC(2) Concurrent Cleanup for Next Mark 3.626ms
[2023-10-25T13:56:29.547+0530][gc          ] GC(2) Concurrent Mark Cycle 12.674ms
[2023-10-25T13:56:30.001+0530][gc,start    ] GC(3) Pause Young (Normal) (G1 Evacuation Pause)
[2023-10-25T13:56:30.001+0530][gc,task     ] GC(3) Using 8 workers of 8 for evacuation
[2023-10-25T13:56:30.005+0530][gc,phases   ] GC(3)   Pre Evacuate Collection Set: 0.1ms
[2023-10-25T13:56:30.005+0530][gc,phases   ] GC(3)   Merge Heap Roots: 0.0ms
[2023-10-25T13:56:30.005+0530][gc,phases   ] GC(3)   Evacuate Collection Set: 3.6ms
[2023-10-25T13:56:30.005+0530][gc,phases   ] GC(3)   Post Evacuate Collection Set: 0.4ms
[2023-10-25T13:56:30.005+0530][gc,phases   ] GC(3)   Other: 0.1ms
[2023-10-25T13:56:30.005+0530][gc,heap     ] GC(3) Eden regions: 49->0(44)
[2023-10-25T13:56:30.005+0530][gc,heap     ] GC(3) Survivor regions: 2->7(7)
[2023-10-25T13:56:30.005+0530][gc,heap     ] GC(3) Old regions: 8->8
[2023-10-25T13:56:30.005+0530][gc,heap     ] GC(3) Archive regions: 2->2
[2023-10-25T13:56:30.005+0530][gc,heap     ] GC(3) Humongous regions: 129->129
[2023-10-25T13:56:30.005+0530][gc,metaspace] GC(3) Metaspace: 32590K(32896K)->32590K(32896K) NonClass: 29065K(29248K)->29065K(29248K) Class: 3524K(3648K)->3524K(3648K)
[2023-10-25T13:56:30.005+0530][gc          ] GC(3) Pause Young (Normal) (G1 Evacuation Pause) 188M->143M(1024M) 4.396ms
[2023-10-25T13:56:30.005+0530][gc,cpu      ] GC(3) User=0.02s Sys=0.00s Real=0.01s
[2023-10-25T13:56:53.737+0530][gc,start    ] GC(4) Pause Young (Concurrent Start) (Metadata GC Threshold)
[2023-10-25T13:56:53.737+0530][gc,task     ] GC(4) Using 8 workers of 8 for evacuation
[2023-10-25T13:56:53.741+0530][gc,phases   ] GC(4)   Pre Evacuate Collection Set: 0.2ms
[2023-10-25T13:56:53.742+0530][gc,phases   ] GC(4)   Merge Heap Roots: 0.0ms
[2023-10-25T13:56:53.742+0530][gc,phases   ] GC(4)   Evacuate Collection Set: 3.6ms
[2023-10-25T13:56:53.742+0530][gc,phases   ] GC(4)   Post Evacuate Collection Set: 0.4ms
[2023-10-25T13:56:53.742+0530][gc,phases   ] GC(4)   Other: 0.1ms
[2023-10-25T13:56:53.742+0530][gc,heap     ] GC(4) Eden regions: 16->0(49)
[2023-10-25T13:56:53.742+0530][gc,heap     ] GC(4) Survivor regions: 7->2(7)
[2023-10-25T13:56:53.742+0530][gc,heap     ] GC(4) Old regions: 8->14
[2023-10-25T13:56:53.742+0530][gc,heap     ] GC(4) Archive regions: 2->2
[2023-10-25T13:56:53.742+0530][gc,heap     ] GC(4) Humongous regions: 129->129
[2023-10-25T13:56:53.742+0530][gc,metaspace] GC(4) Metaspace: 35745K(36096K)->35745K(36096K) NonClass: 31671K(31872K)->31671K(31872K) Class: 4073K(4224K)->4073K(4224K)
[2023-10-25T13:56:53.742+0530][gc          ] GC(4) Pause Young (Concurrent Start) (Metadata GC Threshold) 159M->145M(1024M) 4.510ms
[2023-10-25T13:56:53.742+0530][gc          ] GC(5) Concurrent Mark Cycle
[2023-10-25T13:56:53.742+0530][gc,marking  ] GC(5) Concurrent Clear Claimed Marks
[2023-10-25T13:56:53.742+0530][gc,cpu      ] GC(4) User=0.03s Sys=0.01s Real=0.00s
[2023-10-25T13:56:53.742+0530][gc,marking  ] GC(5) Concurrent Clear Claimed Marks 0.027ms
[2023-10-25T13:56:53.742+0530][gc,marking  ] GC(5) Concurrent Scan Root Regions
[2023-10-25T13:56:53.745+0530][gc,marking  ] GC(5) Concurrent Scan Root Regions 2.916ms
[2023-10-25T13:56:53.745+0530][gc,marking  ] GC(5) Concurrent Mark
[2023-10-25T13:56:53.745+0530][gc,marking  ] GC(5) Concurrent Mark From Roots
[2023-10-25T13:56:53.745+0530][gc,task     ] GC(5) Using 2 workers of 2 for marking
[2023-10-25T13:56:53.750+0530][gc,marking  ] GC(5) Concurrent Mark From Roots 5.599ms
[2023-10-25T13:56:53.750+0530][gc,marking  ] GC(5) Concurrent Preclean
[2023-10-25T13:56:53.750+0530][gc,marking  ] GC(5) Concurrent Preclean 0.044ms
[2023-10-25T13:56:53.750+0530][gc,start    ] GC(5) Pause Remark
[2023-10-25T13:56:53.751+0530][gc          ] GC(5) Pause Remark 145M->145M(1024M) 0.848ms
[2023-10-25T13:56:53.751+0530][gc,cpu      ] GC(5) User=0.00s Sys=0.00s Real=0.00s
[2023-10-25T13:56:53.751+0530][gc,marking  ] GC(5) Concurrent Mark 6.714ms
[2023-10-25T13:56:53.751+0530][gc,marking  ] GC(5) Concurrent Rebuild Remembered Sets
[2023-10-25T13:56:53.757+0530][gc,marking  ] GC(5) Concurrent Rebuild Remembered Sets 5.319ms
[2023-10-25T13:56:53.757+0530][gc,start    ] GC(5) Pause Cleanup
[2023-10-25T13:56:53.757+0530][gc          ] GC(5) Pause Cleanup 146M->146M(1024M) 0.123ms
[2023-10-25T13:56:53.757+0530][gc,cpu      ] GC(5) User=0.01s Sys=0.00s Real=0.00s
[2023-10-25T13:56:53.757+0530][gc,marking  ] GC(5) Concurrent Cleanup for Next Mark
[2023-10-25T13:56:53.762+0530][gc,marking  ] GC(5) Concurrent Cleanup for Next Mark 4.834ms
[2023-10-25T13:56:53.762+0530][gc          ] GC(5) Concurrent Mark Cycle 20.385ms
[2023-10-25T13:57:44.913+0530][gc,heap,exit] Heap
[2023-10-25T13:57:44.913+0530][gc,heap,exit]  garbage-first heap   total 1048576K, used 195252K [0x00000000c0000000, 0x0000000100000000)
[2023-10-25T13:57:44.913+0530][gc,heap,exit]   region size 1024K, 48 young (49152K), 2 survivors (2048K)
[2023-10-25T13:57:44.913+0530][gc,heap,exit]  Metaspace       used 41098K, committed 41728K, reserved 1114112K
[2023-10-25T13:57:44.913+0530][gc,heap,exit]   class space    used 4938K, committed 5184K, reserved 1048576K
