[2023-11-16T15:08:01.703+0530][gc,init] CardTable entry size: 512
[2023-11-16T15:08:01.704+0530][gc     ] Using G1
[2023-11-16T15:08:01.722+0530][gc,init] Version: 18.0.2-ea+9-Ubuntu-222.04 (release)
[2023-11-16T15:08:01.722+0530][gc,init] CPUs: 8 total, 8 available
[2023-11-16T15:08:01.722+0530][gc,init] Memory: 7782M
[2023-11-16T15:08:01.722+0530][gc,init] Large Page Support: Disabled
[2023-11-16T15:08:01.722+0530][gc,init] NUMA Support: Disabled
[2023-11-16T15:08:01.722+0530][gc,init] Compressed Oops: Enabled (32-bit)
[2023-11-16T15:08:01.722+0530][gc,init] Heap Region Size: 1M
[2023-11-16T15:08:01.722+0530][gc,init] Heap Min Capacity: 1G
[2023-11-16T15:08:01.722+0530][gc,init] Heap Initial Capacity: 1G
[2023-11-16T15:08:01.722+0530][gc,init] Heap Max Capacity: 1G
[2023-11-16T15:08:01.722+0530][gc,init] Pre-touch: Disabled
[2023-11-16T15:08:01.722+0530][gc,init] Parallel Workers: 8
[2023-11-16T15:08:01.722+0530][gc,init] Concurrent Workers: 2
[2023-11-16T15:08:01.722+0530][gc,init] Concurrent Refinement Workers: 8
[2023-11-16T15:08:01.722+0530][gc,init] Periodic GC: Disabled
[2023-11-16T15:08:01.723+0530][gc,metaspace] CDS archive(s) mapped at: [0x0000000800000000-0x0000000800bb3000-0x0000000800bb3000), size 12267520, SharedBaseAddress: 0x0000000800000000, ArchiveRelocationMode: 0.
[2023-11-16T15:08:01.723+0530][gc,metaspace] Compressed class space mapped at: 0x0000000800c00000-0x0000000840c00000, reserved size: 1073741824
[2023-11-16T15:08:01.723+0530][gc,metaspace] Narrow klass base: 0x0000000800000000, Narrow klass shift: 0, Narrow klass range: 0x100000000
[2023-11-16T15:08:02.636+0530][gc,start    ] GC(0) Pause Young (Normal) (G1 Evacuation Pause)
[2023-11-16T15:08:02.637+0530][gc,task     ] GC(0) Using 8 workers of 8 for evacuation
[2023-11-16T15:08:02.640+0530][gc,phases   ] GC(0)   Pre Evacuate Collection Set: 0.1ms
[2023-11-16T15:08:02.640+0530][gc,phases   ] GC(0)   Merge Heap Roots: 0.1ms
[2023-11-16T15:08:02.640+0530][gc,phases   ] GC(0)   Evacuate Collection Set: 2.7ms
[2023-11-16T15:08:02.640+0530][gc,phases   ] GC(0)   Post Evacuate Collection Set: 0.4ms
[2023-11-16T15:08:02.640+0530][gc,phases   ] GC(0)   Other: 1.1ms
[2023-11-16T15:08:02.640+0530][gc,heap     ] GC(0) Eden regions: 51->0(44)
[2023-11-16T15:08:02.640+0530][gc,heap     ] GC(0) Survivor regions: 0->7(7)
[2023-11-16T15:08:02.640+0530][gc,heap     ] GC(0) Old regions: 0->1
[2023-11-16T15:08:02.640+0530][gc,heap     ] GC(0) Archive regions: 2->2
[2023-11-16T15:08:02.640+0530][gc,heap     ] GC(0) Humongous regions: 0->0
[2023-11-16T15:08:02.640+0530][gc,metaspace] GC(0) Metaspace: 18591K(18816K)->18591K(18816K) NonClass: 16457K(16576K)->16457K(16576K) Class: 2134K(2240K)->2134K(2240K)
[2023-11-16T15:08:02.640+0530][gc          ] GC(0) Pause Young (Normal) (G1 Evacuation Pause) 51M->8M(1024M) 4.530ms
[2023-11-16T15:08:02.640+0530][gc,cpu      ] GC(0) User=0.02s Sys=0.01s Real=0.01s
[2023-11-16T15:08:02.873+0530][gc,start    ] GC(1) Pause Young (Concurrent Start) (Metadata GC Threshold)
[2023-11-16T15:08:02.873+0530][gc,task     ] GC(1) Using 8 workers of 8 for evacuation
[2023-11-16T15:08:02.877+0530][gc,phases   ] GC(1)   Pre Evacuate Collection Set: 0.4ms
[2023-11-16T15:08:02.877+0530][gc,phases   ] GC(1)   Merge Heap Roots: 0.1ms
[2023-11-16T15:08:02.877+0530][gc,phases   ] GC(1)   Evacuate Collection Set: 3.4ms
[2023-11-16T15:08:02.877+0530][gc,phases   ] GC(1)   Post Evacuate Collection Set: 0.5ms
[2023-11-16T15:08:02.877+0530][gc,phases   ] GC(1)   Other: 0.1ms
[2023-11-16T15:08:02.877+0530][gc,heap     ] GC(1) Eden regions: 12->0(49)
[2023-11-16T15:08:02.877+0530][gc,heap     ] GC(1) Survivor regions: 7->2(7)
[2023-11-16T15:08:02.877+0530][gc,heap     ] GC(1) Old regions: 1->8
[2023-11-16T15:08:02.877+0530][gc,heap     ] GC(1) Archive regions: 2->2
[2023-11-16T15:08:02.877+0530][gc,heap     ] GC(1) Humongous regions: 129->129
[2023-11-16T15:08:02.877+0530][gc,metaspace] GC(1) Metaspace: 21230K(21504K)->21230K(21504K) NonClass: 18753K(18880K)->18753K(18880K) Class: 2476K(2624K)->2476K(2624K)
[2023-11-16T15:08:02.877+0530][gc          ] GC(1) Pause Young (Concurrent Start) (Metadata GC Threshold) 149M->138M(1024M) 4.644ms
[2023-11-16T15:08:02.877+0530][gc,cpu      ] GC(1) User=0.03s Sys=0.00s Real=0.00s
[2023-11-16T15:08:02.877+0530][gc          ] GC(2) Concurrent Mark Cycle
[2023-11-16T15:08:02.877+0530][gc,marking  ] GC(2) Concurrent Clear Claimed Marks
[2023-11-16T15:08:02.877+0530][gc,marking  ] GC(2) Concurrent Clear Claimed Marks 0.024ms
[2023-11-16T15:08:02.877+0530][gc,marking  ] GC(2) Concurrent Scan Root Regions
[2023-11-16T15:08:02.880+0530][gc,marking  ] GC(2) Concurrent Scan Root Regions 2.524ms
[2023-11-16T15:08:02.880+0530][gc,marking  ] GC(2) Concurrent Mark
[2023-11-16T15:08:02.880+0530][gc,marking  ] GC(2) Concurrent Mark From Roots
[2023-11-16T15:08:02.880+0530][gc,task     ] GC(2) Using 2 workers of 2 for marking
[2023-11-16T15:08:02.882+0530][gc,marking  ] GC(2) Concurrent Mark From Roots 2.226ms
[2023-11-16T15:08:02.882+0530][gc,marking  ] GC(2) Concurrent Preclean
[2023-11-16T15:08:02.882+0530][gc,marking  ] GC(2) Concurrent Preclean 0.007ms
[2023-11-16T15:08:02.882+0530][gc,start    ] GC(2) Pause Remark
[2023-11-16T15:08:02.884+0530][gc          ] GC(2) Pause Remark 139M->139M(1024M) 1.530ms
[2023-11-16T15:08:02.884+0530][gc,cpu      ] GC(2) User=0.01s Sys=0.00s Real=0.00s
[2023-11-16T15:08:02.884+0530][gc,marking  ] GC(2) Concurrent Mark 3.934ms
[2023-11-16T15:08:02.884+0530][gc,marking  ] GC(2) Concurrent Rebuild Remembered Sets
[2023-11-16T15:08:02.886+0530][gc,marking  ] GC(2) Concurrent Rebuild Remembered Sets 2.357ms
[2023-11-16T15:08:02.886+0530][gc,start    ] GC(2) Pause Cleanup
[2023-11-16T15:08:02.886+0530][gc          ] GC(2) Pause Cleanup 139M->139M(1024M) 0.137ms
[2023-11-16T15:08:02.886+0530][gc,cpu      ] GC(2) User=0.00s Sys=0.00s Real=0.00s
[2023-11-16T15:08:02.886+0530][gc,marking  ] GC(2) Concurrent Cleanup for Next Mark
[2023-11-16T15:08:02.891+0530][gc,marking  ] GC(2) Concurrent Cleanup for Next Mark 4.727ms
[2023-11-16T15:08:02.891+0530][gc          ] GC(2) Concurrent Mark Cycle 13.980ms
[2023-11-16T15:08:03.416+0530][gc,start    ] GC(3) Pause Young (Normal) (G1 Evacuation Pause)
[2023-11-16T15:08:03.416+0530][gc,task     ] GC(3) Using 8 workers of 8 for evacuation
[2023-11-16T15:08:03.420+0530][gc,phases   ] GC(3)   Pre Evacuate Collection Set: 0.1ms
[2023-11-16T15:08:03.420+0530][gc,phases   ] GC(3)   Merge Heap Roots: 0.0ms
[2023-11-16T15:08:03.420+0530][gc,phases   ] GC(3)   Evacuate Collection Set: 3.4ms
[2023-11-16T15:08:03.420+0530][gc,phases   ] GC(3)   Post Evacuate Collection Set: 0.4ms
[2023-11-16T15:08:03.420+0530][gc,phases   ] GC(3)   Other: 0.1ms
[2023-11-16T15:08:03.420+0530][gc,heap     ] GC(3) Eden regions: 49->0(44)
[2023-11-16T15:08:03.420+0530][gc,heap     ] GC(3) Survivor regions: 2->7(7)
[2023-11-16T15:08:03.420+0530][gc,heap     ] GC(3) Old regions: 8->8
[2023-11-16T15:08:03.421+0530][gc,heap     ] GC(3) Archive regions: 2->2
[2023-11-16T15:08:03.421+0530][gc,heap     ] GC(3) Humongous regions: 129->129
[2023-11-16T15:08:03.421+0530][gc,metaspace] GC(3) Metaspace: 32466K(32768K)->32466K(32768K) NonClass: 28953K(29120K)->28953K(29120K) Class: 3512K(3648K)->3512K(3648K)
[2023-11-16T15:08:03.421+0530][gc          ] GC(3) Pause Young (Normal) (G1 Evacuation Pause) 187M->143M(1024M) 4.085ms
[2023-11-16T15:08:03.421+0530][gc,cpu      ] GC(3) User=0.03s Sys=0.00s Real=0.01s
[2023-11-16T15:12:55.956+0530][gc,start    ] GC(4) Pause Young (Concurrent Start) (Metadata GC Threshold)
[2023-11-16T15:12:55.956+0530][gc,task     ] GC(4) Using 8 workers of 8 for evacuation
[2023-11-16T15:12:55.959+0530][gc,phases   ] GC(4)   Pre Evacuate Collection Set: 0.1ms
[2023-11-16T15:12:55.959+0530][gc,phases   ] GC(4)   Merge Heap Roots: 0.0ms
[2023-11-16T15:12:55.959+0530][gc,phases   ] GC(4)   Evacuate Collection Set: 3.0ms
[2023-11-16T15:12:55.959+0530][gc,phases   ] GC(4)   Post Evacuate Collection Set: 0.5ms
[2023-11-16T15:12:55.959+0530][gc,phases   ] GC(4)   Other: 0.0ms
[2023-11-16T15:12:55.959+0530][gc,heap     ] GC(4) Eden regions: 17->0(49)
[2023-11-16T15:12:55.959+0530][gc,heap     ] GC(4) Survivor regions: 7->2(7)
[2023-11-16T15:12:55.960+0530][gc,heap     ] GC(4) Old regions: 8->14
[2023-11-16T15:12:55.960+0530][gc,heap     ] GC(4) Archive regions: 2->2
[2023-11-16T15:12:55.960+0530][gc,heap     ] GC(4) Humongous regions: 129->129
[2023-11-16T15:12:55.960+0530][gc,metaspace] GC(4) Metaspace: 35678K(35968K)->35678K(35968K) NonClass: 31652K(31808K)->31652K(31808K) Class: 4026K(4160K)->4026K(4160K)
[2023-11-16T15:12:55.960+0530][gc          ] GC(4) Pause Young (Concurrent Start) (Metadata GC Threshold) 160M->144M(1024M) 3.924ms
[2023-11-16T15:12:55.960+0530][gc          ] GC(5) Concurrent Mark Cycle
[2023-11-16T15:12:55.960+0530][gc,marking  ] GC(5) Concurrent Clear Claimed Marks
[2023-11-16T15:12:55.960+0530][gc,cpu      ] GC(4) User=0.02s Sys=0.01s Real=0.00s
[2023-11-16T15:12:55.960+0530][gc,marking  ] GC(5) Concurrent Clear Claimed Marks 0.025ms
[2023-11-16T15:12:55.960+0530][gc,marking  ] GC(5) Concurrent Scan Root Regions
[2023-11-16T15:12:55.962+0530][gc,marking  ] GC(5) Concurrent Scan Root Regions 2.468ms
[2023-11-16T15:12:55.962+0530][gc,marking  ] GC(5) Concurrent Mark
[2023-11-16T15:12:55.962+0530][gc,marking  ] GC(5) Concurrent Mark From Roots
[2023-11-16T15:12:55.962+0530][gc,task     ] GC(5) Using 2 workers of 2 for marking
[2023-11-16T15:12:55.967+0530][gc,marking  ] GC(5) Concurrent Mark From Roots 4.728ms
[2023-11-16T15:12:55.967+0530][gc,marking  ] GC(5) Concurrent Preclean
[2023-11-16T15:12:55.967+0530][gc,marking  ] GC(5) Concurrent Preclean 0.047ms
[2023-11-16T15:12:55.967+0530][gc,start    ] GC(5) Pause Remark
[2023-11-16T15:12:55.968+0530][gc          ] GC(5) Pause Remark 145M->145M(1024M) 1.211ms
[2023-11-16T15:12:55.968+0530][gc,cpu      ] GC(5) User=0.01s Sys=0.00s Real=0.00s
[2023-11-16T15:12:55.968+0530][gc,marking  ] GC(5) Concurrent Mark 6.149ms
[2023-11-16T15:12:55.968+0530][gc,marking  ] GC(5) Concurrent Rebuild Remembered Sets
[2023-11-16T15:12:55.974+0530][gc,marking  ] GC(5) Concurrent Rebuild Remembered Sets 5.252ms
[2023-11-16T15:12:55.974+0530][gc,start    ] GC(5) Pause Cleanup
[2023-11-16T15:12:55.974+0530][gc          ] GC(5) Pause Cleanup 145M->145M(1024M) 0.133ms
[2023-11-16T15:12:55.974+0530][gc,cpu      ] GC(5) User=0.00s Sys=0.00s Real=0.00s
[2023-11-16T15:12:55.974+0530][gc,marking  ] GC(5) Concurrent Cleanup for Next Mark
[2023-11-16T15:12:55.979+0530][gc,marking  ] GC(5) Concurrent Cleanup for Next Mark 4.745ms
[2023-11-16T15:12:55.979+0530][gc          ] GC(5) Concurrent Mark Cycle 19.058ms
[2023-11-16T16:25:35.314+0530][gc,start    ] GC(6) Pause Young (Normal) (G1 Evacuation Pause)
[2023-11-16T16:25:35.314+0530][gc,task     ] GC(6) Using 8 workers of 8 for evacuation
[2023-11-16T16:25:35.318+0530][gc,phases   ] GC(6)   Pre Evacuate Collection Set: 0.5ms
[2023-11-16T16:25:35.319+0530][gc,phases   ] GC(6)   Merge Heap Roots: 0.3ms
[2023-11-16T16:25:35.319+0530][gc,phases   ] GC(6)   Evacuate Collection Set: 2.6ms
[2023-11-16T16:25:35.319+0530][gc,phases   ] GC(6)   Post Evacuate Collection Set: 0.5ms
[2023-11-16T16:25:35.319+0530][gc,phases   ] GC(6)   Other: 0.2ms
[2023-11-16T16:25:35.319+0530][gc,heap     ] GC(6) Eden regions: 49->0(49)
[2023-11-16T16:25:35.319+0530][gc,heap     ] GC(6) Survivor regions: 2->2(7)
[2023-11-16T16:25:35.319+0530][gc,heap     ] GC(6) Old regions: 14->14
[2023-11-16T16:25:35.319+0530][gc,heap     ] GC(6) Archive regions: 2->2
[2023-11-16T16:25:35.319+0530][gc,heap     ] GC(6) Humongous regions: 129->129
[2023-11-16T16:25:35.319+0530][gc,metaspace] GC(6) Metaspace: 38101K(38592K)->38101K(38592K) NonClass: 33720K(33984K)->33720K(33984K) Class: 4380K(4608K)->4380K(4608K)
[2023-11-16T16:25:35.319+0530][gc          ] GC(6) Pause Young (Normal) (G1 Evacuation Pause) 193M->145M(1024M) 4.342ms
[2023-11-16T16:25:35.319+0530][gc,cpu      ] GC(6) User=0.01s Sys=0.01s Real=0.01s
