[2023-11-16T19:04:00.134+0530][gc,init] CardTable entry size: 512
[2023-11-16T19:04:00.135+0530][gc     ] Using G1
[2023-11-16T19:04:00.164+0530][gc,init] Version: 18.0.2-ea+9-Ubuntu-222.04 (release)
[2023-11-16T19:04:00.164+0530][gc,init] CPUs: 8 total, 8 available
[2023-11-16T19:04:00.164+0530][gc,init] Memory: 7782M
[2023-11-16T19:04:00.164+0530][gc,init] Large Page Support: Disabled
[2023-11-16T19:04:00.164+0530][gc,init] NUMA Support: Disabled
[2023-11-16T19:04:00.164+0530][gc,init] Compressed Oops: Enabled (32-bit)
[2023-11-16T19:04:00.164+0530][gc,init] Heap Region Size: 1M
[2023-11-16T19:04:00.164+0530][gc,init] Heap Min Capacity: 1G
[2023-11-16T19:04:00.164+0530][gc,init] Heap Initial Capacity: 1G
[2023-11-16T19:04:00.164+0530][gc,init] Heap Max Capacity: 1G
[2023-11-16T19:04:00.164+0530][gc,init] Pre-touch: Disabled
[2023-11-16T19:04:00.164+0530][gc,init] Parallel Workers: 8
[2023-11-16T19:04:00.164+0530][gc,init] Concurrent Workers: 2
[2023-11-16T19:04:00.164+0530][gc,init] Concurrent Refinement Workers: 8
[2023-11-16T19:04:00.164+0530][gc,init] Periodic GC: Disabled
[2023-11-16T19:04:00.165+0530][gc,metaspace] CDS archive(s) mapped at: [0x0000000800000000-0x0000000800bb3000-0x0000000800bb3000), size 12267520, SharedBaseAddress: 0x0000000800000000, ArchiveRelocationMode: 0.
[2023-11-16T19:04:00.165+0530][gc,metaspace] Compressed class space mapped at: 0x0000000800c00000-0x0000000840c00000, reserved size: 1073741824
[2023-11-16T19:04:00.165+0530][gc,metaspace] Narrow klass base: 0x0000000800000000, Narrow klass shift: 0, Narrow klass range: 0x100000000
[2023-11-16T19:04:00.966+0530][gc,start    ] GC(0) Pause Young (Normal) (G1 Evacuation Pause)
[2023-11-16T19:04:00.967+0530][gc,task     ] GC(0) Using 8 workers of 8 for evacuation
[2023-11-16T19:04:00.970+0530][gc,phases   ] GC(0)   Pre Evacuate Collection Set: 0.1ms
[2023-11-16T19:04:00.970+0530][gc,phases   ] GC(0)   Merge Heap Roots: 0.1ms
[2023-11-16T19:04:00.970+0530][gc,phases   ] GC(0)   Evacuate Collection Set: 2.9ms
[2023-11-16T19:04:00.970+0530][gc,phases   ] GC(0)   Post Evacuate Collection Set: 0.4ms
[2023-11-16T19:04:00.970+0530][gc,phases   ] GC(0)   Other: 1.0ms
[2023-11-16T19:04:00.970+0530][gc,heap     ] GC(0) Eden regions: 51->0(44)
[2023-11-16T19:04:00.970+0530][gc,heap     ] GC(0) Survivor regions: 0->7(7)
[2023-11-16T19:04:00.970+0530][gc,heap     ] GC(0) Old regions: 0->1
[2023-11-16T19:04:00.970+0530][gc,heap     ] GC(0) Archive regions: 2->2
[2023-11-16T19:04:00.970+0530][gc,heap     ] GC(0) Humongous regions: 0->0
[2023-11-16T19:04:00.970+0530][gc,metaspace] GC(0) Metaspace: 18269K(18432K)->18269K(18432K) NonClass: 16171K(16256K)->16171K(16256K) Class: 2097K(2176K)->2097K(2176K)
[2023-11-16T19:04:00.970+0530][gc          ] GC(0) Pause Young (Normal) (G1 Evacuation Pause) 51M->8M(1024M) 4.681ms
[2023-11-16T19:04:00.970+0530][gc,cpu      ] GC(0) User=0.01s Sys=0.01s Real=0.01s
[2023-11-16T19:04:01.162+0530][gc,start    ] GC(1) Pause Young (Concurrent Start) (Metadata GC Threshold)
[2023-11-16T19:04:01.162+0530][gc,task     ] GC(1) Using 8 workers of 8 for evacuation
[2023-11-16T19:04:01.167+0530][gc,phases   ] GC(1)   Pre Evacuate Collection Set: 0.2ms
[2023-11-16T19:04:01.167+0530][gc,phases   ] GC(1)   Merge Heap Roots: 0.0ms
[2023-11-16T19:04:01.167+0530][gc,phases   ] GC(1)   Evacuate Collection Set: 3.7ms
[2023-11-16T19:04:01.167+0530][gc,phases   ] GC(1)   Post Evacuate Collection Set: 0.4ms
[2023-11-16T19:04:01.167+0530][gc,phases   ] GC(1)   Other: 0.1ms
[2023-11-16T19:04:01.167+0530][gc,heap     ] GC(1) Eden regions: 12->0(50)
[2023-11-16T19:04:01.167+0530][gc,heap     ] GC(1) Survivor regions: 7->1(7)
[2023-11-16T19:04:01.167+0530][gc,heap     ] GC(1) Old regions: 1->8
[2023-11-16T19:04:01.167+0530][gc,heap     ] GC(1) Archive regions: 2->2
[2023-11-16T19:04:01.167+0530][gc,heap     ] GC(1) Humongous regions: 0->0
[2023-11-16T19:04:01.167+0530][gc,metaspace] GC(1) Metaspace: 21293K(21504K)->21293K(21504K) NonClass: 18797K(18880K)->18797K(18880K) Class: 2496K(2624K)->2496K(2624K)
[2023-11-16T19:04:01.167+0530][gc          ] GC(1) Pause Young (Concurrent Start) (Metadata GC Threshold) 20M->9M(1024M) 4.700ms
[2023-11-16T19:04:01.167+0530][gc,cpu      ] GC(1) User=0.02s Sys=0.00s Real=0.00s
[2023-11-16T19:04:01.167+0530][gc          ] GC(2) Concurrent Mark Cycle
[2023-11-16T19:04:01.167+0530][gc,marking  ] GC(2) Concurrent Clear Claimed Marks
[2023-11-16T19:04:01.167+0530][gc,marking  ] GC(2) Concurrent Clear Claimed Marks 0.022ms
[2023-11-16T19:04:01.167+0530][gc,marking  ] GC(2) Concurrent Scan Root Regions
[2023-11-16T19:04:01.169+0530][gc,marking  ] GC(2) Concurrent Scan Root Regions 2.292ms
[2023-11-16T19:04:01.169+0530][gc,marking  ] GC(2) Concurrent Mark
[2023-11-16T19:04:01.169+0530][gc,marking  ] GC(2) Concurrent Mark From Roots
[2023-11-16T19:04:01.169+0530][gc,task     ] GC(2) Using 2 workers of 2 for marking
[2023-11-16T19:04:01.171+0530][gc,marking  ] GC(2) Concurrent Mark From Roots 1.464ms
[2023-11-16T19:04:01.171+0530][gc,marking  ] GC(2) Concurrent Preclean
[2023-11-16T19:04:01.171+0530][gc,marking  ] GC(2) Concurrent Preclean 0.012ms
[2023-11-16T19:04:01.171+0530][gc,start    ] GC(2) Pause Remark
[2023-11-16T19:04:01.172+0530][gc          ] GC(2) Pause Remark 9M->9M(1024M) 1.165ms
[2023-11-16T19:04:01.172+0530][gc,cpu      ] GC(2) User=0.01s Sys=0.00s Real=0.00s
[2023-11-16T19:04:01.172+0530][gc,marking  ] GC(2) Concurrent Mark 2.926ms
[2023-11-16T19:04:01.172+0530][gc,marking  ] GC(2) Concurrent Rebuild Remembered Sets
[2023-11-16T19:04:01.175+0530][gc,marking  ] GC(2) Concurrent Rebuild Remembered Sets 2.566ms
[2023-11-16T19:04:01.176+0530][gc,start    ] GC(2) Pause Cleanup
[2023-11-16T19:04:01.176+0530][gc          ] GC(2) Pause Cleanup 9M->9M(1024M) 0.115ms
[2023-11-16T19:04:01.176+0530][gc,cpu      ] GC(2) User=0.00s Sys=0.00s Real=0.00s
[2023-11-16T19:04:01.176+0530][gc,marking  ] GC(2) Concurrent Cleanup for Next Mark
[2023-11-16T19:04:01.180+0530][gc,marking  ] GC(2) Concurrent Cleanup for Next Mark 4.618ms
[2023-11-16T19:04:01.180+0530][gc          ] GC(2) Concurrent Mark Cycle 13.516ms
[2023-11-16T19:04:01.752+0530][gc,start    ] GC(3) Pause Young (Normal) (GCLocker Initiated GC)
[2023-11-16T19:04:01.752+0530][gc,task     ] GC(3) Using 8 workers of 8 for evacuation
[2023-11-16T19:04:01.757+0530][gc,phases   ] GC(3)   Pre Evacuate Collection Set: 0.1ms
[2023-11-16T19:04:01.757+0530][gc,phases   ] GC(3)   Merge Heap Roots: 0.0ms
[2023-11-16T19:04:01.757+0530][gc,phases   ] GC(3)   Evacuate Collection Set: 3.9ms
[2023-11-16T19:04:01.757+0530][gc,phases   ] GC(3)   Post Evacuate Collection Set: 0.4ms
[2023-11-16T19:04:01.757+0530][gc,phases   ] GC(3)   Other: 0.1ms
[2023-11-16T19:04:01.757+0530][gc,heap     ] GC(3) Eden regions: 50->0(44)
[2023-11-16T19:04:01.757+0530][gc,heap     ] GC(3) Survivor regions: 1->7(7)
[2023-11-16T19:04:01.757+0530][gc,heap     ] GC(3) Old regions: 8->8
[2023-11-16T19:04:01.757+0530][gc,heap     ] GC(3) Archive regions: 2->2
[2023-11-16T19:04:01.757+0530][gc,heap     ] GC(3) Humongous regions: 129->129
[2023-11-16T19:04:01.757+0530][gc,metaspace] GC(3) Metaspace: 32490K(32768K)->32490K(32768K) NonClass: 28948K(29120K)->28948K(29120K) Class: 3542K(3648K)->3542K(3648K)
[2023-11-16T19:04:01.757+0530][gc          ] GC(3) Pause Young (Normal) (GCLocker Initiated GC) 188M->143M(1024M) 4.793ms
[2023-11-16T19:04:01.757+0530][gc,cpu      ] GC(3) User=0.03s Sys=0.00s Real=0.01s
[2023-11-16T19:04:01.948+0530][gc,start    ] GC(4) Pause Young (Concurrent Start) (Metadata GC Threshold)
[2023-11-16T19:04:01.948+0530][gc,task     ] GC(4) Using 8 workers of 8 for evacuation
[2023-11-16T19:04:01.953+0530][gc,phases   ] GC(4)   Pre Evacuate Collection Set: 0.2ms
[2023-11-16T19:04:01.953+0530][gc,phases   ] GC(4)   Merge Heap Roots: 0.0ms
[2023-11-16T19:04:01.953+0530][gc,phases   ] GC(4)   Evacuate Collection Set: 4.5ms
[2023-11-16T19:04:01.953+0530][gc,phases   ] GC(4)   Post Evacuate Collection Set: 0.4ms
[2023-11-16T19:04:01.953+0530][gc,phases   ] GC(4)   Other: 0.1ms
[2023-11-16T19:04:01.953+0530][gc,heap     ] GC(4) Eden regions: 15->0(49)
[2023-11-16T19:04:01.953+0530][gc,heap     ] GC(4) Survivor regions: 7->2(7)
[2023-11-16T19:04:01.953+0530][gc,heap     ] GC(4) Old regions: 8->14
[2023-11-16T19:04:01.953+0530][gc,heap     ] GC(4) Archive regions: 2->2
[2023-11-16T19:04:01.953+0530][gc,heap     ] GC(4) Humongous regions: 129->129
[2023-11-16T19:04:01.953+0530][gc,metaspace] GC(4) Metaspace: 35770K(36096K)->35770K(36096K) NonClass: 31773K(31936K)->31773K(31936K) Class: 3997K(4160K)->3997K(4160K)
[2023-11-16T19:04:01.953+0530][gc          ] GC(4) Pause Young (Concurrent Start) (Metadata GC Threshold) 157M->144M(1024M) 5.396ms
[2023-11-16T19:04:01.953+0530][gc          ] GC(5) Concurrent Mark Cycle
[2023-11-16T19:04:01.953+0530][gc,marking  ] GC(5) Concurrent Clear Claimed Marks
[2023-11-16T19:04:01.953+0530][gc,cpu      ] GC(4) User=0.03s Sys=0.00s Real=0.01s
[2023-11-16T19:04:01.953+0530][gc,marking  ] GC(5) Concurrent Clear Claimed Marks 0.026ms
[2023-11-16T19:04:01.953+0530][gc,marking  ] GC(5) Concurrent Scan Root Regions
[2023-11-16T19:04:01.956+0530][gc,marking  ] GC(5) Concurrent Scan Root Regions 3.359ms
[2023-11-16T19:04:01.956+0530][gc,marking  ] GC(5) Concurrent Mark
[2023-11-16T19:04:01.956+0530][gc,marking  ] GC(5) Concurrent Mark From Roots
[2023-11-16T19:04:01.956+0530][gc,task     ] GC(5) Using 2 workers of 2 for marking
[2023-11-16T19:04:01.962+0530][gc,marking  ] GC(5) Concurrent Mark From Roots 5.433ms
[2023-11-16T19:04:01.962+0530][gc,marking  ] GC(5) Concurrent Preclean
[2023-11-16T19:04:01.962+0530][gc,marking  ] GC(5) Concurrent Preclean 0.047ms
[2023-11-16T19:04:01.962+0530][gc,start    ] GC(5) Pause Remark
[2023-11-16T19:04:01.964+0530][gc          ] GC(5) Pause Remark 145M->145M(1024M) 1.566ms
[2023-11-16T19:04:01.964+0530][gc,cpu      ] GC(5) User=0.00s Sys=0.00s Real=0.00s
[2023-11-16T19:04:01.964+0530][gc,marking  ] GC(5) Concurrent Mark 7.486ms
[2023-11-16T19:04:01.964+0530][gc,marking  ] GC(5) Concurrent Rebuild Remembered Sets
[2023-11-16T19:04:01.969+0530][gc,marking  ] GC(5) Concurrent Rebuild Remembered Sets 5.416ms
[2023-11-16T19:04:01.970+0530][gc,start    ] GC(5) Pause Cleanup
[2023-11-16T19:04:01.970+0530][gc          ] GC(5) Pause Cleanup 145M->145M(1024M) 0.118ms
[2023-11-16T19:04:01.970+0530][gc,cpu      ] GC(5) User=0.00s Sys=0.00s Real=0.00s
[2023-11-16T19:04:01.970+0530][gc,marking  ] GC(5) Concurrent Cleanup for Next Mark
[2023-11-16T19:04:01.975+0530][gc,marking  ] GC(5) Concurrent Cleanup for Next Mark 5.692ms
[2023-11-16T19:04:01.975+0530][gc          ] GC(5) Concurrent Mark Cycle 22.463ms
[2023-11-16T19:55:15.106+0530][gc,start    ] GC(6) Pause Young (Normal) (G1 Evacuation Pause)
[2023-11-16T19:55:15.114+0530][gc,task     ] GC(6) Using 8 workers of 8 for evacuation
[2023-11-16T19:55:15.117+0530][gc,phases   ] GC(6)   Pre Evacuate Collection Set: 0.2ms
[2023-11-16T19:55:15.117+0530][gc,phases   ] GC(6)   Merge Heap Roots: 0.3ms
[2023-11-16T19:55:15.117+0530][gc,phases   ] GC(6)   Evacuate Collection Set: 2.3ms
[2023-11-16T19:55:15.117+0530][gc,phases   ] GC(6)   Post Evacuate Collection Set: 0.4ms
[2023-11-16T19:55:15.117+0530][gc,phases   ] GC(6)   Other: 0.1ms
[2023-11-16T19:55:15.117+0530][gc,heap     ] GC(6) Eden regions: 49->0(49)
[2023-11-16T19:55:15.117+0530][gc,heap     ] GC(6) Survivor regions: 2->2(7)
[2023-11-16T19:55:15.117+0530][gc,heap     ] GC(6) Old regions: 14->14
[2023-11-16T19:55:15.117+0530][gc,heap     ] GC(6) Archive regions: 2->2
[2023-11-16T19:55:15.117+0530][gc,heap     ] GC(6) Humongous regions: 129->129
[2023-11-16T19:55:15.117+0530][gc,metaspace] GC(6) Metaspace: 38165K(38720K)->38165K(38720K) NonClass: 33809K(34112K)->33809K(34112K) Class: 4355K(4608K)->4355K(4608K)
[2023-11-16T19:55:15.117+0530][gc          ] GC(6) Pause Young (Normal) (G1 Evacuation Pause) 193M->144M(1024M) 11.052ms
[2023-11-16T19:55:15.117+0530][gc,cpu      ] GC(6) User=0.01s Sys=0.00s Real=0.01s
[2023-11-16T20:12:30.619+0530][gc,start    ] GC(7) Pause Young (Normal) (G1 Evacuation Pause)
[2023-11-16T20:12:30.627+0530][gc,task     ] GC(7) Using 8 workers of 8 for evacuation
[2023-11-16T20:12:30.637+0530][gc,phases   ] GC(7)   Pre Evacuate Collection Set: 0.3ms
[2023-11-16T20:12:30.637+0530][gc,phases   ] GC(7)   Merge Heap Roots: 0.5ms
[2023-11-16T20:12:30.637+0530][gc,phases   ] GC(7)   Evacuate Collection Set: 7.9ms
[2023-11-16T20:12:30.637+0530][gc,phases   ] GC(7)   Post Evacuate Collection Set: 1.6ms
[2023-11-16T20:12:30.637+0530][gc,phases   ] GC(7)   Other: 0.2ms
[2023-11-16T20:12:30.638+0530][gc,heap     ] GC(7) Eden regions: 49->0(47)
[2023-11-16T20:12:30.638+0530][gc,heap     ] GC(7) Survivor regions: 2->4(7)
[2023-11-16T20:12:30.638+0530][gc,heap     ] GC(7) Old regions: 14->14
[2023-11-16T20:12:30.638+0530][gc,heap     ] GC(7) Archive regions: 2->2
[2023-11-16T20:12:30.638+0530][gc,heap     ] GC(7) Humongous regions: 129->129
[2023-11-16T20:12:30.638+0530][gc,metaspace] GC(7) Metaspace: 40161K(40704K)->40161K(40704K) NonClass: 35647K(35968K)->35647K(35968K) Class: 4513K(4736K)->4513K(4736K)
[2023-11-16T20:12:30.638+0530][gc          ] GC(7) Pause Young (Normal) (G1 Evacuation Pause) 193M->146M(1024M) 19.061ms
[2023-11-16T20:12:30.638+0530][gc,cpu      ] GC(7) User=0.06s Sys=0.00s Real=0.02s
[2023-11-16T20:19:35.420+0530][gc,heap,exit] Heap
[2023-11-16T20:19:35.420+0530][gc,heap,exit]  garbage-first heap   total 1048576K, used 169805K [0x00000000c0000000, 0x0000000100000000)
[2023-11-16T20:19:35.420+0530][gc,heap,exit]   region size 1024K, 24 young (24576K), 4 survivors (4096K)
[2023-11-16T20:19:35.420+0530][gc,heap,exit]  Metaspace       used 40832K, committed 41408K, reserved 1114112K
[2023-11-16T20:19:35.420+0530][gc,heap,exit]   class space    used 4663K, committed 4928K, reserved 1048576K
