[2023-11-16T22:28:26.765+0530][gc,init] CardTable entry size: 512
[2023-11-16T22:28:26.765+0530][gc     ] Using G1
[2023-11-16T22:28:26.777+0530][gc,init] Version: 18.0.2-ea+9-Ubuntu-222.04 (release)
[2023-11-16T22:28:26.778+0530][gc,init] CPUs: 8 total, 8 available
[2023-11-16T22:28:26.778+0530][gc,init] Memory: 7782M
[2023-11-16T22:28:26.778+0530][gc,init] Large Page Support: Disabled
[2023-11-16T22:28:26.778+0530][gc,init] NUMA Support: Disabled
[2023-11-16T22:28:26.778+0530][gc,init] Compressed Oops: Enabled (32-bit)
[2023-11-16T22:28:26.778+0530][gc,init] Heap Region Size: 1M
[2023-11-16T22:28:26.778+0530][gc,init] Heap Min Capacity: 1G
[2023-11-16T22:28:26.778+0530][gc,init] Heap Initial Capacity: 1G
[2023-11-16T22:28:26.778+0530][gc,init] Heap Max Capacity: 1G
[2023-11-16T22:28:26.778+0530][gc,init] Pre-touch: Disabled
[2023-11-16T22:28:26.778+0530][gc,init] Parallel Workers: 8
[2023-11-16T22:28:26.778+0530][gc,init] Concurrent Workers: 2
[2023-11-16T22:28:26.778+0530][gc,init] Concurrent Refinement Workers: 8
[2023-11-16T22:28:26.778+0530][gc,init] Periodic GC: Disabled
[2023-11-16T22:28:26.778+0530][gc,metaspace] CDS archive(s) mapped at: [0x0000000800000000-0x0000000800bb3000-0x0000000800bb3000), size 12267520, SharedBaseAddress: 0x0000000800000000, ArchiveRelocationMode: 0.
[2023-11-16T22:28:26.778+0530][gc,metaspace] Compressed class space mapped at: 0x0000000800c00000-0x0000000840c00000, reserved size: 1073741824
[2023-11-16T22:28:26.778+0530][gc,metaspace] Narrow klass base: 0x0000000800000000, Narrow klass shift: 0, Narrow klass range: 0x100000000
[2023-11-16T22:28:27.667+0530][gc,start    ] GC(0) Pause Young (Normal) (G1 Evacuation Pause)
[2023-11-16T22:28:27.668+0530][gc,task     ] GC(0) Using 8 workers of 8 for evacuation
[2023-11-16T22:28:27.672+0530][gc,phases   ] GC(0)   Pre Evacuate Collection Set: 0.1ms
[2023-11-16T22:28:27.672+0530][gc,phases   ] GC(0)   Merge Heap Roots: 0.1ms
[2023-11-16T22:28:27.672+0530][gc,phases   ] GC(0)   Evacuate Collection Set: 2.9ms
[2023-11-16T22:28:27.672+0530][gc,phases   ] GC(0)   Post Evacuate Collection Set: 0.4ms
[2023-11-16T22:28:27.672+0530][gc,phases   ] GC(0)   Other: 1.0ms
[2023-11-16T22:28:27.672+0530][gc,heap     ] GC(0) Eden regions: 51->0(44)
[2023-11-16T22:28:27.672+0530][gc,heap     ] GC(0) Survivor regions: 0->7(7)
[2023-11-16T22:28:27.672+0530][gc,heap     ] GC(0) Old regions: 0->1
[2023-11-16T22:28:27.672+0530][gc,heap     ] GC(0) Archive regions: 2->2
[2023-11-16T22:28:27.672+0530][gc,heap     ] GC(0) Humongous regions: 0->0
[2023-11-16T22:28:27.672+0530][gc,metaspace] GC(0) Metaspace: 18563K(18816K)->18563K(18816K) NonClass: 16435K(16576K)->16435K(16576K) Class: 2128K(2240K)->2128K(2240K)
[2023-11-16T22:28:27.672+0530][gc          ] GC(0) Pause Young (Normal) (G1 Evacuation Pause) 51M->8M(1024M) 4.722ms
[2023-11-16T22:28:27.672+0530][gc,cpu      ] GC(0) User=0.02s Sys=0.00s Real=0.01s
[2023-11-16T22:28:27.885+0530][gc,start    ] GC(1) Pause Young (Concurrent Start) (Metadata GC Threshold)
[2023-11-16T22:28:27.885+0530][gc,task     ] GC(1) Using 8 workers of 8 for evacuation
[2023-11-16T22:28:27.889+0530][gc,phases   ] GC(1)   Pre Evacuate Collection Set: 0.2ms
[2023-11-16T22:28:27.889+0530][gc,phases   ] GC(1)   Merge Heap Roots: 0.0ms
[2023-11-16T22:28:27.889+0530][gc,phases   ] GC(1)   Evacuate Collection Set: 3.5ms
[2023-11-16T22:28:27.889+0530][gc,phases   ] GC(1)   Post Evacuate Collection Set: 0.4ms
[2023-11-16T22:28:27.889+0530][gc,phases   ] GC(1)   Other: 0.1ms
[2023-11-16T22:28:27.889+0530][gc,heap     ] GC(1) Eden regions: 12->0(49)
[2023-11-16T22:28:27.889+0530][gc,heap     ] GC(1) Survivor regions: 7->2(7)
[2023-11-16T22:28:27.889+0530][gc,heap     ] GC(1) Old regions: 1->8
[2023-11-16T22:28:27.889+0530][gc,heap     ] GC(1) Archive regions: 2->2
[2023-11-16T22:28:27.889+0530][gc,heap     ] GC(1) Humongous regions: 129->129
[2023-11-16T22:28:27.889+0530][gc,metaspace] GC(1) Metaspace: 21228K(21504K)->21228K(21504K) NonClass: 18751K(18880K)->18751K(18880K) Class: 2476K(2624K)->2476K(2624K)
[2023-11-16T22:28:27.889+0530][gc          ] GC(1) Pause Young (Concurrent Start) (Metadata GC Threshold) 149M->139M(1024M) 4.459ms
[2023-11-16T22:28:27.889+0530][gc,cpu      ] GC(1) User=0.02s Sys=0.00s Real=0.01s
[2023-11-16T22:28:27.890+0530][gc          ] GC(2) Concurrent Mark Cycle
[2023-11-16T22:28:27.890+0530][gc,marking  ] GC(2) Concurrent Clear Claimed Marks
[2023-11-16T22:28:27.890+0530][gc,marking  ] GC(2) Concurrent Clear Claimed Marks 0.019ms
[2023-11-16T22:28:27.890+0530][gc,marking  ] GC(2) Concurrent Scan Root Regions
[2023-11-16T22:28:27.893+0530][gc,marking  ] GC(2) Concurrent Scan Root Regions 3.750ms
[2023-11-16T22:28:27.893+0530][gc,marking  ] GC(2) Concurrent Mark
[2023-11-16T22:28:27.893+0530][gc,marking  ] GC(2) Concurrent Mark From Roots
[2023-11-16T22:28:27.893+0530][gc,task     ] GC(2) Using 2 workers of 2 for marking
[2023-11-16T22:28:27.896+0530][gc,marking  ] GC(2) Concurrent Mark From Roots 2.586ms
[2023-11-16T22:28:27.896+0530][gc,marking  ] GC(2) Concurrent Preclean
[2023-11-16T22:28:27.896+0530][gc,marking  ] GC(2) Concurrent Preclean 0.013ms
[2023-11-16T22:28:27.896+0530][gc,start    ] GC(2) Pause Remark
[2023-11-16T22:28:27.898+0530][gc          ] GC(2) Pause Remark 139M->139M(1024M) 1.522ms
[2023-11-16T22:28:27.898+0530][gc,cpu      ] GC(2) User=0.00s Sys=0.00s Real=0.00s
[2023-11-16T22:28:27.898+0530][gc,marking  ] GC(2) Concurrent Mark 4.423ms
[2023-11-16T22:28:27.898+0530][gc,marking  ] GC(2) Concurrent Rebuild Remembered Sets
[2023-11-16T22:28:27.901+0530][gc,marking  ] GC(2) Concurrent Rebuild Remembered Sets 2.774ms
[2023-11-16T22:28:27.901+0530][gc,start    ] GC(2) Pause Cleanup
[2023-11-16T22:28:27.901+0530][gc          ] GC(2) Pause Cleanup 139M->139M(1024M) 0.146ms
[2023-11-16T22:28:27.901+0530][gc,cpu      ] GC(2) User=0.00s Sys=0.00s Real=0.00s
[2023-11-16T22:28:27.901+0530][gc,marking  ] GC(2) Concurrent Cleanup for Next Mark
[2023-11-16T22:28:27.908+0530][gc,marking  ] GC(2) Concurrent Cleanup for Next Mark 6.704ms
[2023-11-16T22:28:27.908+0530][gc          ] GC(2) Concurrent Mark Cycle 18.452ms
[2023-11-16T22:28:28.395+0530][gc,start    ] GC(3) Pause Young (Normal) (G1 Evacuation Pause)
[2023-11-16T22:28:28.395+0530][gc,task     ] GC(3) Using 8 workers of 8 for evacuation
[2023-11-16T22:28:28.400+0530][gc,phases   ] GC(3)   Pre Evacuate Collection Set: 0.1ms
[2023-11-16T22:28:28.400+0530][gc,phases   ] GC(3)   Merge Heap Roots: 0.0ms
[2023-11-16T22:28:28.400+0530][gc,phases   ] GC(3)   Evacuate Collection Set: 4.3ms
[2023-11-16T22:28:28.400+0530][gc,phases   ] GC(3)   Post Evacuate Collection Set: 0.5ms
[2023-11-16T22:28:28.400+0530][gc,phases   ] GC(3)   Other: 0.1ms
[2023-11-16T22:28:28.400+0530][gc,heap     ] GC(3) Eden regions: 49->0(44)
[2023-11-16T22:28:28.400+0530][gc,heap     ] GC(3) Survivor regions: 2->7(7)
[2023-11-16T22:28:28.400+0530][gc,heap     ] GC(3) Old regions: 8->8
[2023-11-16T22:28:28.400+0530][gc,heap     ] GC(3) Archive regions: 2->2
[2023-11-16T22:28:28.400+0530][gc,heap     ] GC(3) Humongous regions: 129->129
[2023-11-16T22:28:28.400+0530][gc,metaspace] GC(3) Metaspace: 32313K(32576K)->32313K(32576K) NonClass: 28835K(28992K)->28835K(28992K) Class: 3477K(3584K)->3477K(3584K)
[2023-11-16T22:28:28.400+0530][gc          ] GC(3) Pause Young (Normal) (G1 Evacuation Pause) 188M->144M(1024M) 5.291ms
[2023-11-16T22:28:28.400+0530][gc,cpu      ] GC(3) User=0.04s Sys=0.00s Real=0.01s
[2023-11-16T22:53:56.522+0530][gc,start    ] GC(4) Pause Young (Concurrent Start) (Metadata GC Threshold)
[2023-11-16T22:53:56.522+0530][gc,task     ] GC(4) Using 8 workers of 8 for evacuation
[2023-11-16T22:53:56.527+0530][gc,phases   ] GC(4)   Pre Evacuate Collection Set: 0.2ms
[2023-11-16T22:53:56.527+0530][gc,phases   ] GC(4)   Merge Heap Roots: 0.0ms
[2023-11-16T22:53:56.527+0530][gc,phases   ] GC(4)   Evacuate Collection Set: 3.5ms
[2023-11-16T22:53:56.527+0530][gc,phases   ] GC(4)   Post Evacuate Collection Set: 0.5ms
[2023-11-16T22:53:56.527+0530][gc,phases   ] GC(4)   Other: 0.1ms
[2023-11-16T22:53:56.527+0530][gc,heap     ] GC(4) Eden regions: 26->0(49)
[2023-11-16T22:53:56.527+0530][gc,heap     ] GC(4) Survivor regions: 7->2(7)
[2023-11-16T22:53:56.527+0530][gc,heap     ] GC(4) Old regions: 8->14
[2023-11-16T22:53:56.527+0530][gc,heap     ] GC(4) Archive regions: 2->2
[2023-11-16T22:53:56.527+0530][gc,heap     ] GC(4) Humongous regions: 129->129
[2023-11-16T22:53:56.527+0530][gc,metaspace] GC(4) Metaspace: 35659K(35968K)->35659K(35968K) NonClass: 31658K(31872K)->31658K(31872K) Class: 4000K(4096K)->4000K(4096K)
[2023-11-16T22:53:56.527+0530][gc          ] GC(4) Pause Young (Concurrent Start) (Metadata GC Threshold) 169M->145M(1024M) 4.559ms
[2023-11-16T22:53:56.527+0530][gc,cpu      ] GC(4) User=0.02s Sys=0.01s Real=0.00s
[2023-11-16T22:53:56.527+0530][gc          ] GC(5) Concurrent Mark Cycle
[2023-11-16T22:53:56.527+0530][gc,marking  ] GC(5) Concurrent Clear Claimed Marks
[2023-11-16T22:53:56.527+0530][gc,marking  ] GC(5) Concurrent Clear Claimed Marks 0.035ms
[2023-11-16T22:53:56.527+0530][gc,marking  ] GC(5) Concurrent Scan Root Regions
[2023-11-16T22:53:56.530+0530][gc,marking  ] GC(5) Concurrent Scan Root Regions 3.172ms
[2023-11-16T22:53:56.530+0530][gc,marking  ] GC(5) Concurrent Mark
[2023-11-16T22:53:56.530+0530][gc,marking  ] GC(5) Concurrent Mark From Roots
[2023-11-16T22:53:56.530+0530][gc,task     ] GC(5) Using 2 workers of 2 for marking
[2023-11-16T22:53:56.535+0530][gc,marking  ] GC(5) Concurrent Mark From Roots 5.062ms
[2023-11-16T22:53:56.535+0530][gc,marking  ] GC(5) Concurrent Preclean
[2023-11-16T22:53:56.535+0530][gc,marking  ] GC(5) Concurrent Preclean 0.128ms
[2023-11-16T22:53:56.535+0530][gc,start    ] GC(5) Pause Remark
[2023-11-16T22:53:56.538+0530][gc          ] GC(5) Pause Remark 145M->145M(1024M) 2.845ms
[2023-11-16T22:53:56.538+0530][gc,cpu      ] GC(5) User=0.01s Sys=0.00s Real=0.00s
[2023-11-16T22:53:56.538+0530][gc,marking  ] GC(5) Concurrent Mark 8.344ms
[2023-11-16T22:53:56.538+0530][gc,marking  ] GC(5) Concurrent Rebuild Remembered Sets
[2023-11-16T22:53:56.546+0530][gc,marking  ] GC(5) Concurrent Rebuild Remembered Sets 7.188ms
[2023-11-16T22:53:56.546+0530][gc,start    ] GC(5) Pause Cleanup
[2023-11-16T22:53:56.546+0530][gc          ] GC(5) Pause Cleanup 146M->146M(1024M) 0.170ms
[2023-11-16T22:53:56.546+0530][gc,cpu      ] GC(5) User=0.00s Sys=0.00s Real=0.00s
[2023-11-16T22:53:56.546+0530][gc,marking  ] GC(5) Concurrent Cleanup for Next Mark
[2023-11-16T22:53:56.552+0530][gc,marking  ] GC(5) Concurrent Cleanup for Next Mark 5.934ms
[2023-11-16T22:53:56.552+0530][gc          ] GC(5) Concurrent Mark Cycle 25.359ms
[2023-11-16T22:53:59.315+0530][gc,start    ] GC(6) Pause Young (Normal) (G1 Evacuation Pause)
[2023-11-16T22:53:59.316+0530][gc,task     ] GC(6) Using 8 workers of 8 for evacuation
[2023-11-16T22:53:59.320+0530][gc,phases   ] GC(6)   Pre Evacuate Collection Set: 0.2ms
[2023-11-16T22:53:59.320+0530][gc,phases   ] GC(6)   Merge Heap Roots: 0.1ms
[2023-11-16T22:53:59.320+0530][gc,phases   ] GC(6)   Evacuate Collection Set: 3.3ms
[2023-11-16T22:53:59.320+0530][gc,phases   ] GC(6)   Post Evacuate Collection Set: 0.6ms
[2023-11-16T22:53:59.320+0530][gc,phases   ] GC(6)   Other: 0.1ms
[2023-11-16T22:53:59.320+0530][gc,heap     ] GC(6) Eden regions: 49->0(48)
[2023-11-16T22:53:59.320+0530][gc,heap     ] GC(6) Survivor regions: 2->3(7)
[2023-11-16T22:53:59.320+0530][gc,heap     ] GC(6) Old regions: 14->14
[2023-11-16T22:53:59.320+0530][gc,heap     ] GC(6) Archive regions: 2->2
[2023-11-16T22:53:59.320+0530][gc,heap     ] GC(6) Humongous regions: 129->129
[2023-11-16T22:53:59.320+0530][gc,metaspace] GC(6) Metaspace: 38927K(39424K)->38927K(39424K) NonClass: 34552K(34816K)->34552K(34816K) Class: 4374K(4608K)->4374K(4608K)
[2023-11-16T22:53:59.320+0530][gc          ] GC(6) Pause Young (Normal) (G1 Evacuation Pause) 194M->146M(1024M) 4.423ms
[2023-11-16T22:53:59.320+0530][gc,cpu      ] GC(6) User=0.02s Sys=0.00s Real=0.00s
[2023-11-16T22:54:02.280+0530][gc,start    ] GC(7) Pause Young (Normal) (G1 Evacuation Pause)
[2023-11-16T22:54:02.280+0530][gc,task     ] GC(7) Using 8 workers of 8 for evacuation
[2023-11-16T22:54:02.282+0530][gc,phases   ] GC(7)   Pre Evacuate Collection Set: 0.1ms
[2023-11-16T22:54:02.282+0530][gc,phases   ] GC(7)   Merge Heap Roots: 0.0ms
[2023-11-16T22:54:02.282+0530][gc,phases   ] GC(7)   Evacuate Collection Set: 1.6ms
[2023-11-16T22:54:02.282+0530][gc,phases   ] GC(7)   Post Evacuate Collection Set: 0.3ms
[2023-11-16T22:54:02.282+0530][gc,phases   ] GC(7)   Other: 0.1ms
[2023-11-16T22:54:02.282+0530][gc,heap     ] GC(7) Eden regions: 48->0(48)
[2023-11-16T22:54:02.282+0530][gc,heap     ] GC(7) Survivor regions: 3->3(7)
[2023-11-16T22:54:02.282+0530][gc,heap     ] GC(7) Old regions: 14->14
[2023-11-16T22:54:02.282+0530][gc,heap     ] GC(7) Archive regions: 2->2
[2023-11-16T22:54:02.282+0530][gc,heap     ] GC(7) Humongous regions: 129->129
[2023-11-16T22:54:02.282+0530][gc,metaspace] GC(7) Metaspace: 38937K(39424K)->38937K(39424K) NonClass: 34562K(34816K)->34562K(34816K) Class: 4374K(4608K)->4374K(4608K)
[2023-11-16T22:54:02.282+0530][gc          ] GC(7) Pause Young (Normal) (G1 Evacuation Pause) 194M->146M(1024M) 2.280ms
[2023-11-16T22:54:02.282+0530][gc,cpu      ] GC(7) User=0.01s Sys=0.00s Real=0.01s
[2023-11-16T23:16:12.086+0530][gc,start    ] GC(8) Pause Young (Normal) (G1 Evacuation Pause)
[2023-11-16T23:16:12.094+0530][gc,task     ] GC(8) Using 8 workers of 8 for evacuation
[2023-11-16T23:16:12.104+0530][gc,phases   ] GC(8)   Pre Evacuate Collection Set: 0.4ms
[2023-11-16T23:16:12.104+0530][gc,phases   ] GC(8)   Merge Heap Roots: 0.2ms
[2023-11-16T23:16:12.104+0530][gc,phases   ] GC(8)   Evacuate Collection Set: 7.5ms
[2023-11-16T23:16:12.104+0530][gc,phases   ] GC(8)   Post Evacuate Collection Set: 1.4ms
[2023-11-16T23:16:12.104+0530][gc,phases   ] GC(8)   Other: 0.3ms
[2023-11-16T23:16:12.104+0530][gc,heap     ] GC(8) Eden regions: 48->0(47)
[2023-11-16T23:16:12.104+0530][gc,heap     ] GC(8) Survivor regions: 3->4(7)
[2023-11-16T23:16:12.104+0530][gc,heap     ] GC(8) Old regions: 14->14
[2023-11-16T23:16:12.104+0530][gc,heap     ] GC(8) Archive regions: 2->2
[2023-11-16T23:16:12.104+0530][gc,heap     ] GC(8) Humongous regions: 129->129
[2023-11-16T23:16:12.104+0530][gc,metaspace] GC(8) Metaspace: 39670K(40192K)->39670K(40192K) NonClass: 35204K(35520K)->35204K(35520K) Class: 4466K(4672K)->4466K(4672K)
[2023-11-16T23:16:12.104+0530][gc          ] GC(8) Pause Young (Normal) (G1 Evacuation Pause) 194M->147M(1024M) 18.485ms
[2023-11-16T23:16:12.104+0530][gc,cpu      ] GC(8) User=0.06s Sys=0.01s Real=0.02s
[2023-11-16T23:16:12.357+0530][gc,heap,exit] Heap
[2023-11-16T23:16:12.357+0530][gc,heap,exit]  garbage-first heap   total 1048576K, used 160771K [0x00000000c0000000, 0x0000000100000000)
[2023-11-16T23:16:12.357+0530][gc,heap,exit]   region size 1024K, 14 young (14336K), 4 survivors (4096K)
[2023-11-16T23:16:12.357+0530][gc,heap,exit]  Metaspace       used 40340K, committed 40896K, reserved 1114112K
[2023-11-16T23:16:12.357+0530][gc,heap,exit]   class space    used 4622K, committed 4864K, reserved 1048576K
