[2023-11-16T22:28:09.213+0530][gc,init] CardTable entry size: 512
[2023-11-16T22:28:09.213+0530][gc     ] Using G1
[2023-11-16T22:28:09.225+0530][gc,init] Version: 18.0.2-ea+9-Ubuntu-222.04 (release)
[2023-11-16T22:28:09.225+0530][gc,init] CPUs: 8 total, 8 available
[2023-11-16T22:28:09.225+0530][gc,init] Memory: 7782M
[2023-11-16T22:28:09.225+0530][gc,init] Large Page Support: Disabled
[2023-11-16T22:28:09.225+0530][gc,init] NUMA Support: Disabled
[2023-11-16T22:28:09.225+0530][gc,init] Compressed Oops: Enabled (32-bit)
[2023-11-16T22:28:09.225+0530][gc,init] Heap Region Size: 1M
[2023-11-16T22:28:09.225+0530][gc,init] Heap Min Capacity: 512M
[2023-11-16T22:28:09.225+0530][gc,init] Heap Initial Capacity: 512M
[2023-11-16T22:28:09.225+0530][gc,init] Heap Max Capacity: 512M
[2023-11-16T22:28:09.225+0530][gc,init] Pre-touch: Disabled
[2023-11-16T22:28:09.225+0530][gc,init] Parallel Workers: 8
[2023-11-16T22:28:09.225+0530][gc,init] Concurrent Workers: 2
[2023-11-16T22:28:09.225+0530][gc,init] Concurrent Refinement Workers: 8
[2023-11-16T22:28:09.225+0530][gc,init] Periodic GC: Disabled
[2023-11-16T22:28:09.225+0530][gc,metaspace] CDS archive(s) mapped at: [0x0000000800000000-0x0000000800bb3000-0x0000000800bb3000), size 12267520, SharedBaseAddress: 0x0000000800000000, ArchiveRelocationMode: 0.
[2023-11-16T22:28:09.225+0530][gc,metaspace] Compressed class space mapped at: 0x0000000800c00000-0x0000000840c00000, reserved size: 1073741824
[2023-11-16T22:28:09.225+0530][gc,metaspace] Narrow klass base: 0x0000000800000000, Narrow klass shift: 0, Narrow klass range: 0x100000000
[2023-11-16T22:28:27.508+0530][gc,start    ] GC(0) Pause Young (Normal) (G1 Evacuation Pause)
[2023-11-16T22:28:27.509+0530][gc,task     ] GC(0) Using 8 workers of 8 for evacuation
[2023-11-16T22:28:27.513+0530][gc,phases   ] GC(0)   Pre Evacuate Collection Set: 0.1ms
[2023-11-16T22:28:27.513+0530][gc,phases   ] GC(0)   Merge Heap Roots: 0.4ms
[2023-11-16T22:28:27.513+0530][gc,phases   ] GC(0)   Evacuate Collection Set: 3.5ms
[2023-11-16T22:28:27.513+0530][gc,phases   ] GC(0)   Post Evacuate Collection Set: 0.5ms
[2023-11-16T22:28:27.513+0530][gc,phases   ] GC(0)   Other: 0.8ms
[2023-11-16T22:28:27.513+0530][gc,heap     ] GC(0) Eden regions: 25->0(21)
[2023-11-16T22:28:27.513+0530][gc,heap     ] GC(0) Survivor regions: 0->4(4)
[2023-11-16T22:28:27.513+0530][gc,heap     ] GC(0) Old regions: 0->4
[2023-11-16T22:28:27.513+0530][gc,heap     ] GC(0) Archive regions: 2->2
[2023-11-16T22:28:27.513+0530][gc,heap     ] GC(0) Humongous regions: 0->0
[2023-11-16T22:28:27.513+0530][gc,metaspace] GC(0) Metaspace: 8139K(8320K)->8139K(8320K) NonClass: 7259K(7360K)->7259K(7360K) Class: 880K(960K)->880K(960K)
[2023-11-16T22:28:27.513+0530][gc          ] GC(0) Pause Young (Normal) (G1 Evacuation Pause) 25M->8M(512M) 5.456ms
[2023-11-16T22:28:27.513+0530][gc,cpu      ] GC(0) User=0.02s Sys=0.00s Real=0.01s
[2023-11-16T23:16:13.289+0530][gc,heap,exit] Heap
[2023-11-16T23:16:13.297+0530][gc,heap,exit]  garbage-first heap   total 524288K, used 15845K [0x00000000e0000000, 0x0000000100000000)
[2023-11-16T23:16:13.297+0530][gc,heap,exit]   region size 1024K, 11 young (11264K), 4 survivors (4096K)
[2023-11-16T23:16:13.297+0530][gc,heap,exit]  Metaspace       used 8731K, committed 8960K, reserved 1114112K
[2023-11-16T23:16:13.297+0530][gc,heap,exit]   class space    used 903K, committed 1024K, reserved 1048576K
