[2023-11-17T11:32:47.982+0530][gc,init] CardTable entry size: 512
[2023-11-17T11:32:47.982+0530][gc     ] Using G1
[2023-11-17T11:32:47.991+0530][gc,init] Version: 18.0.2-ea+9-Ubuntu-222.04 (release)
[2023-11-17T11:32:47.991+0530][gc,init] CPUs: 8 total, 8 available
[2023-11-17T11:32:47.991+0530][gc,init] Memory: 7782M
[2023-11-17T11:32:47.991+0530][gc,init] Large Page Support: Disabled
[2023-11-17T11:32:47.991+0530][gc,init] NUMA Support: Disabled
[2023-11-17T11:32:47.991+0530][gc,init] Compressed Oops: Enabled (32-bit)
[2023-11-17T11:32:47.991+0530][gc,init] Heap Region Size: 1M
[2023-11-17T11:32:47.991+0530][gc,init] Heap Min Capacity: 512M
[2023-11-17T11:32:47.991+0530][gc,init] Heap Initial Capacity: 512M
[2023-11-17T11:32:47.991+0530][gc,init] Heap Max Capacity: 512M
[2023-11-17T11:32:47.991+0530][gc,init] Pre-touch: Disabled
[2023-11-17T11:32:47.991+0530][gc,init] Parallel Workers: 8
[2023-11-17T11:32:47.991+0530][gc,init] Concurrent Workers: 2
[2023-11-17T11:32:47.991+0530][gc,init] Concurrent Refinement Workers: 8
[2023-11-17T11:32:47.991+0530][gc,init] Periodic GC: Disabled
[2023-11-17T11:32:47.991+0530][gc,metaspace] CDS archive(s) mapped at: [0x0000000800000000-0x0000000800bb3000-0x0000000800bb3000), size 12267520, SharedBaseAddress: 0x0000000800000000, ArchiveRelocationMode: 0.
[2023-11-17T11:32:47.991+0530][gc,metaspace] Compressed class space mapped at: 0x0000000800c00000-0x0000000840c00000, reserved size: 1073741824
[2023-11-17T11:32:47.991+0530][gc,metaspace] Narrow klass base: 0x0000000800000000, Narrow klass shift: 0, Narrow klass range: 0x100000000
[2023-11-17T11:33:18.792+0530][gc,start    ] GC(0) Pause Young (Normal) (G1 Evacuation Pause)
[2023-11-17T11:33:18.793+0530][gc,task     ] GC(0) Using 8 workers of 8 for evacuation
[2023-11-17T11:33:18.797+0530][gc,phases   ] GC(0)   Pre Evacuate Collection Set: 0.1ms
[2023-11-17T11:33:18.797+0530][gc,phases   ] GC(0)   Merge Heap Roots: 0.2ms
[2023-11-17T11:33:18.797+0530][gc,phases   ] GC(0)   Evacuate Collection Set: 3.5ms
[2023-11-17T11:33:18.797+0530][gc,phases   ] GC(0)   Post Evacuate Collection Set: 0.5ms
[2023-11-17T11:33:18.797+0530][gc,phases   ] GC(0)   Other: 0.7ms
[2023-11-17T11:33:18.797+0530][gc,heap     ] GC(0) Eden regions: 25->0(21)
[2023-11-17T11:33:18.797+0530][gc,heap     ] GC(0) Survivor regions: 0->4(4)
[2023-11-17T11:33:18.797+0530][gc,heap     ] GC(0) Old regions: 0->4
[2023-11-17T11:33:18.797+0530][gc,heap     ] GC(0) Archive regions: 2->2
[2023-11-17T11:33:18.797+0530][gc,heap     ] GC(0) Humongous regions: 0->0
[2023-11-17T11:33:18.797+0530][gc,metaspace] GC(0) Metaspace: 8110K(8320K)->8110K(8320K) NonClass: 7230K(7360K)->7230K(7360K) Class: 880K(960K)->880K(960K)
[2023-11-17T11:33:18.797+0530][gc          ] GC(0) Pause Young (Normal) (G1 Evacuation Pause) 25M->8M(512M) 5.123ms
[2023-11-17T11:33:18.797+0530][gc,cpu      ] GC(0) User=0.02s Sys=0.00s Real=0.00s
